INFO:Timing:3284 - This timing report was generated using estimated delay 
   information.  For accurate numbers, please refer to the post Place and Route 
   timing report.
Asterisk (*) preceding a constraint indicates it was not met.
   This may be due to a setup or hold violation.

------------------------------------------------------------------------------------------------------
  Constraint                                |  Check  | Worst Case |  Best Case | Timing |   Timing   
                                            |         |    Slack   | Achievable | Errors |    Score   
------------------------------------------------------------------------------------------------------
  Autotimespec constraint for clock net cpu | SETUP   |         N/A|    32.897ns|     N/A|           0
  _clk                                      | HOLD    |     0.640ns|            |       0|           0
------------------------------------------------------------------------------------------------------
  Autotimespec constraint for clock net vdu | SETUP   |         N/A|    12.059ns|     N/A|        1232
  _clk                                      | HOLD    |     0.639ns|            |       0|           0
------------------------------------------------------------------------------------------------------


1 constraint not met.
INFO:Timing:2761 - N/A entries in the Constraints list may indicate that the 
   constraint does not cover any paths or that it has no requested value.


